API_CALL_STARTED => Calling Private API
API_RESPONSE_RECEIVED => {"status":"Good","message":"Private API is running"}
MESSAGE_READY_FOR_KAFKA => Payload prepared successfully
ERROR_OCCURRED => Kafka broker is DOWN or unreachable
API_CALL_STARTED => Calling Private API
API_RESPONSE_RECEIVED => {"status":"Good","message":"Private API is running"}
MESSAGE_READY_FOR_KAFKA => Payload prepared successfully
ERROR_OCCURRED => Kafka broker is DOWN or unreachable
API_CALL_STARTED => Calling Private API
API_RESPONSE_RECEIVED => {"status":"Good","message":"Private API is running"}
MESSAGE_READY_FOR_KAFKA => Payload prepared successfully
ERROR_OCCURRED => Kafka broker is DOWN or unreachable
API_CALL_STARTED => Calling Private API
API_RESPONSE_RECEIVED => {"status":"Good","message":"Private API is running"}
MESSAGE_READY_FOR_KAFKA => Payload prepared successfully
ERROR_OCCURRED => Kafka broker is DOWN or unreachable
API_CALL_STARTED => Calling Private API
API_RESPONSE_RECEIVED => {"status":"Good","message":"Private API is running"}
MESSAGE_READY_FOR_KAFKA => Payload prepared successfully
ERROR_OCCURRED => Kafka broker is DOWN or unreachable
API_CALL_STARTED => Calling Private API
API_RESPONSE_RECEIVED => {"status":"Good","message":"Private API is running"}
MESSAGE_READY_FOR_KAFKA => Payload prepared successfully
ERROR_OCCURRED => Kafka broker is DOWN or unreachable
API_CALL_STARTED => Calling Private API
API_RESPONSE_RECEIVED => {"status":"Good","message":"Private API is running"}
MESSAGE_READY_FOR_KAFKA => Payload prepared successfully
ERROR_OCCURRED => Kafka broker is DOWN or unreachable
API_CALL_STARTED => Calling Private API
API_RESPONSE_RECEIVED => {"status":"Good","message":"Private API is running"}
MESSAGE_READY_FOR_KAFKA => Payload prepared successfully
ERROR_OCCURRED => Kafka broker is DOWN or unreachable
API_CALL_STARTED => Calling Private API
API_RESPONSE_RECEIVED => {"status":"Good","message":"Private API is running"}
MESSAGE_READY_FOR_KAFKA => Payload prepared successfully
ERROR_OCCURRED => Kafka broker is DOWN or unreachable
API_CALL_STARTED => Calling Private API
API_RESPONSE_RECEIVED => {"status":"Good","message":"Private API is running"}
MESSAGE_READY_FOR_KAFKA => Payload prepared successfully
ERROR_OCCURRED => Kafka broker is DOWN or unreachable
API_CALL_STARTED => Calling Private API
API_RESPONSE_RECEIVED => {"status":"Good","message":"Private API is running"}
MESSAGE_READY_FOR_KAFKA => Payload prepared successfully
ERROR_OCCURRED => Kafka broker is DOWN or unreachable
API_CALL_STARTED => Calling Private API
API_RESPONSE_RECEIVED => {"status":"Good","message":"Private API is running"}
MESSAGE_READY_FOR_KAFKA => Payload prepared successfully
ERROR_OCCURRED => Kafka broker is DOWN or unreachable
API_CALL_STARTED => Calling Private API
API_RESPONSE_RECEIVED => {"status":"Good","message":"Private API is running"}
MESSAGE_READY_FOR_KAFKA => Payload prepared successfully
ERROR_OCCURRED => Kafka broker is DOWN or unreachable
API_CALL_STARTED => Calling Private API
API_RESPONSE_RECEIVED => {"status":"Good","message":"Private API is running"}
MESSAGE_READY_FOR_KAFKA => Payload prepared successfully
ERROR_OCCURRED => Kafka broker is DOWN or unreachable
API_CALL_STARTED => Calling Private API
API_RESPONSE_RECEIVED => {"status":"Good","message":"Private API is running"}
MESSAGE_READY_FOR_KAFKA => Payload prepared successfully
ERROR_OCCURRED => Kafka broker is DOWN or unreachable
API_CALL_STARTED => Calling Private API
API_RESPONSE_RECEIVED => {"status":"Good","message":"Private API is running"}
MESSAGE_READY_FOR_KAFKA => Payload prepared successfully
ERROR_OCCURRED => Kafka broker is DOWN or unreachable
API_CALL_STARTED => Calling Private API
API_RESPONSE_RECEIVED => {"status":"Good","message":"Private API is running"}
MESSAGE_READY_FOR_KAFKA => Payload prepared successfully
ERROR_OCCURRED => Kafka broker is DOWN or unreachable
API_CALL_STARTED => Calling Private API
API_RESPONSE_RECEIVED => {"status":"Good","message":"Private API is running"}
MESSAGE_READY_FOR_KAFKA => Payload prepared successfully
ERROR_OCCURRED => Kafka broker is DOWN or unreachable
API_CALL_STARTED => Calling Private API
API_RESPONSE_RECEIVED => {"status":"Good","message":"Private API is running"}
MESSAGE_READY_FOR_KAFKA => Payload prepared successfully
ERROR_OCCURRED => Kafka broker is DOWN or unreachable
API_CALL_STARTED => Calling Private API
API_RESPONSE_RECEIVED => {"status":"Good","message":"Private API is running"}
MESSAGE_READY_FOR_KAFKA => Payload prepared successfully
ERROR_OCCURRED => Kafka broker is DOWN or unreachable
API_CALL_STARTED => Calling Private API
API_RESPONSE_RECEIVED => {"status":"Good","message":"Private API is running"}
MESSAGE_READY_FOR_KAFKA => Payload prepared successfully
ERROR_OCCURRED => Kafka broker is DOWN or unreachable
API_CALL_STARTED => Calling Private API
API_RESPONSE_RECEIVED => {"status":"Good","message":"Private API is running"}
MESSAGE_READY_FOR_KAFKA => Payload prepared successfully
ERROR_OCCURRED => Kafka broker is DOWN or unreachable
API_CALL_STARTED => Calling Private API
API_RESPONSE_RECEIVED => {"status":"Good","message":"Private API is running"}
MESSAGE_READY_FOR_KAFKA => Payload prepared successfully
ERROR_OCCURRED => Kafka broker is DOWN or unreachable
API_CALL_STARTED => Calling Private API
API_RESPONSE_RECEIVED => {"status":"Good","message":"Private API is running"}
MESSAGE_READY_FOR_KAFKA => Payload prepared successfully
ERROR_OCCURRED => Kafka broker is DOWN or unreachable
API_CALL_STARTED => Calling Private API
API_RESPONSE_RECEIVED => {"status":"Good","message":"Private API is running"}
MESSAGE_READY_FOR_KAFKA => Payload prepared successfully
ERROR_OCCURRED => Kafka broker is DOWN or unreachable
API_CALL_STARTED => Calling Private API
API_RESPONSE_RECEIVED => {"status":"Good","message":"Private API is running"}
MESSAGE_READY_FOR_KAFKA => Payload prepared successfully
ERROR_OCCURRED => Kafka broker is DOWN or unreachable
API_CALL_STARTED => Calling Private API
API_RESPONSE_RECEIVED => {"status":"Good","message":"Private API is running"}
MESSAGE_READY_FOR_KAFKA => Payload prepared successfully
ERROR_OCCURRED => Kafka broker is DOWN or unreachable
API_CALL_STARTED => Calling Private API
API_RESPONSE_RECEIVED => {"status":"Good","message":"Private API is running"}
MESSAGE_READY_FOR_KAFKA => Payload prepared successfully
ERROR_OCCURRED => Kafka broker is DOWN or unreachable
API_CALL_STARTED => Calling Private API
API_RESPONSE_RECEIVED => {"status":"Good","message":"Private API is running"}
MESSAGE_READY_FOR_KAFKA => Payload prepared successfully
ERROR_OCCURRED => Kafka broker is DOWN or unreachable
API_CALL_STARTED => Calling Private API
API_RESPONSE_RECEIVED => {"status":"Good","message":"Private API is running"}
MESSAGE_READY_FOR_KAFKA => Payload prepared successfully
ERROR_OCCURRED => Kafka broker is DOWN or unreachable
API_CALL_STARTED => Calling Private API
API_RESPONSE_RECEIVED => {"status":"Good","message":"Private API is running"}
MESSAGE_READY_FOR_KAFKA => Payload prepared successfully
ERROR_OCCURRED => Kafka broker is DOWN or unreachable
API_CALL_STARTED => Calling Private API
API_RESPONSE_RECEIVED => {"status":"Good","message":"Private API is running"}
MESSAGE_READY_FOR_KAFKA => Payload prepared successfully
ERROR_OCCURRED => Kafka broker is DOWN or unreachable
API_CALL_STARTED => Calling Private API
API_RESPONSE_RECEIVED => {"status":"Good","message":"Private API is running"}
MESSAGE_READY_FOR_KAFKA => Payload prepared successfully
ERROR_OCCURRED => Kafka broker is DOWN or unreachable
API_CALL_STARTED => Calling Private API
API_RESPONSE_RECEIVED => {"status":"Good","message":"Private API is running"}
MESSAGE_READY_FOR_KAFKA => Payload prepared successfully
ERROR_OCCURRED => Kafka broker is DOWN or unreachable
API_CALL_STARTED => Calling Private API
API_RESPONSE_RECEIVED => {"status":"Good","message":"Private API is running"}
MESSAGE_READY_FOR_KAFKA => Payload prepared successfully
ERROR_OCCURRED => Kafka broker is DOWN or unreachable
API_CALL_STARTED => Calling Private API
API_RESPONSE_RECEIVED => {"status":"Good","message":"Private API is running"}
MESSAGE_READY_FOR_KAFKA => Payload prepared successfully
ERROR_OCCURRED => Kafka broker is DOWN or unreachable
API_CALL_STARTED => Calling Private API
API_RESPONSE_RECEIVED => {"status":"Good","message":"Private API is running"}
MESSAGE_READY_FOR_KAFKA => Payload prepared successfully
ERROR_OCCURRED => Kafka broker is DOWN or unreachable
API_CALL_STARTED => Calling Private API
API_RESPONSE_RECEIVED => {"status":"Good","message":"Private API is running"}
MESSAGE_READY_FOR_KAFKA => Payload prepared successfully
ERROR_OCCURRED => Kafka broker is DOWN or unreachable
API_CALL_STARTED => Calling Private API
API_RESPONSE_RECEIVED => {"status":"Good","message":"Private API is running"}
MESSAGE_READY_FOR_KAFKA => Payload prepared successfully
ERROR_OCCURRED => Kafka broker is DOWN or unreachable
API_CALL_STARTED => Calling Private API
API_RESPONSE_RECEIVED => {"status":"Good","message":"Private API is running"}
MESSAGE_READY_FOR_KAFKA => Payload prepared successfully
ERROR_OCCURRED => Kafka broker is DOWN or unreachable
API_CALL_STARTED => Calling Private API
API_RESPONSE_RECEIVED => {"status":"Good","message":"Private API is running"}
MESSAGE_READY_FOR_KAFKA => Payload prepared successfully
ERROR_OCCURRED => Kafka broker is DOWN or unreachable
API_CALL_STARTED => Calling Private API
API_RESPONSE_RECEIVED => {"status":"Good","message":"Private API is running"}
MESSAGE_READY_FOR_KAFKA => Payload prepared successfully
ERROR_OCCURRED => Kafka broker is DOWN or unreachable
API_CALL_STARTED => Calling Private API
API_RESPONSE_RECEIVED => {"status":"Good","message":"Private API is running"}
MESSAGE_READY_FOR_KAFKA => Payload prepared successfully
ERROR_OCCURRED => Kafka broker is DOWN or unreachable
API_CALL_STARTED => Calling Private API
API_RESPONSE_RECEIVED => {"status":"Good","message":"Private API is running"}
MESSAGE_READY_FOR_KAFKA => Payload prepared successfully
ERROR_OCCURRED => Kafka broker is DOWN or unreachable
API_CALL_STARTED => Calling Private API
API_RESPONSE_RECEIVED => {"status":"Good","message":"Private API is running"}
MESSAGE_READY_FOR_KAFKA => Payload prepared successfully
ERROR_OCCURRED => Kafka broker is DOWN or unreachable
API_CALL_STARTED => Calling Private API
API_RESPONSE_RECEIVED => {"status":"Good","message":"Private API is running"}
MESSAGE_READY_FOR_KAFKA => Payload prepared successfully
ERROR_OCCURRED => Kafka broker is DOWN or unreachable
API_CALL_STARTED => Calling Private API
API_RESPONSE_RECEIVED => {"status":"Good","message":"Private API is running"}
MESSAGE_READY_FOR_KAFKA => Payload prepared successfully
ERROR_OCCURRED => Kafka broker is DOWN or unreachable
API_CALL_STARTED => Calling Private API
API_RESPONSE_RECEIVED => {"status":"Good","message":"Private API is running"}
MESSAGE_READY_FOR_KAFKA => Payload prepared successfully
ERROR_OCCURRED => Kafka broker is DOWN or unreachable
API_CALL_STARTED => Calling Private API
API_RESPONSE_RECEIVED => {"status":"Good","message":"Private API is running"}
MESSAGE_READY_FOR_KAFKA => Payload prepared successfully
ERROR_OCCURRED => Kafka broker is DOWN or unreachable
API_CALL_STARTED => Calling Private API
API_RESPONSE_RECEIVED => {"status":"Good","message":"Private API is running"}
MESSAGE_READY_FOR_KAFKA => Payload prepared successfully
ERROR_OCCURRED => Kafka broker is DOWN or unreachable
API_CALL_STARTED => Calling Private API
API_RESPONSE_RECEIVED => {"status":"Good","message":"Private API is running"}
MESSAGE_READY_FOR_KAFKA => Payload prepared successfully
ERROR_OCCURRED => Kafka broker is DOWN or unreachable
API_CALL_STARTED => Calling Private API
API_RESPONSE_RECEIVED => {"status":"Good","message":"Private API is running"}
MESSAGE_READY_FOR_KAFKA => Payload prepared successfully
ERROR_OCCURRED => Kafka broker is DOWN or unreachable
API_CALL_STARTED => Calling Private API
API_RESPONSE_RECEIVED => {"status":"Good","message":"Private API is running"}
MESSAGE_READY_FOR_KAFKA => Payload prepared successfully
ERROR_OCCURRED => Kafka broker is DOWN or unreachable
API_CALL_STARTED => Calling Private API
API_RESPONSE_RECEIVED => {"status":"Good","message":"Private API is running"}
MESSAGE_READY_FOR_KAFKA => Payload prepared successfully
ERROR_OCCURRED => Kafka broker is DOWN or unreachable
API_CALL_STARTED => Calling Private API
API_RESPONSE_RECEIVED => {"status":"Good","message":"Private API is running"}
MESSAGE_READY_FOR_KAFKA => Payload prepared successfully
ERROR_OCCURRED => Kafka broker is DOWN or unreachable
API_CALL_STARTED => Calling Private API
API_RESPONSE_RECEIVED => {"status":"Good","message":"Private API is running"}
MESSAGE_READY_FOR_KAFKA => Payload prepared successfully
ERROR_OCCURRED => Kafka broker is DOWN or unreachable
API_CALL_STARTED => Calling Private API
API_RESPONSE_RECEIVED => {"status":"Good","message":"Private API is running"}
MESSAGE_READY_FOR_KAFKA => Payload prepared successfully
ERROR_OCCURRED => Kafka broker is DOWN or unreachable
API_CALL_STARTED => Calling Private API
API_RESPONSE_RECEIVED => {"status":"Good","message":"Private API is running"}
MESSAGE_READY_FOR_KAFKA => Payload prepared successfully
ERROR_OCCURRED => Kafka broker is DOWN or unreachable
API_CALL_STARTED => Calling Private API
API_RESPONSE_RECEIVED => {"status":"Good","message":"Private API is running"}
MESSAGE_READY_FOR_KAFKA => Payload prepared successfully
ERROR_OCCURRED => Kafka broker is DOWN or unreachable
API_CALL_STARTED => Calling Private API
API_RESPONSE_RECEIVED => {"status":"Good","message":"Private API is running"}
MESSAGE_READY_FOR_KAFKA => Payload prepared successfully
ERROR_OCCURRED => Kafka broker is DOWN or unreachable
API_CALL_STARTED => Calling Private API
API_RESPONSE_RECEIVED => {"status":"Good","message":"Private API is running"}
MESSAGE_READY_FOR_KAFKA => Payload prepared successfully
ERROR_OCCURRED => Kafka broker is DOWN or unreachable
API_CALL_STARTED => Calling Private API
API_RESPONSE_RECEIVED => {"status":"Good","message":"Private API is running"}
MESSAGE_READY_FOR_KAFKA => Payload prepared successfully
ERROR_OCCURRED => Kafka broker is DOWN or unreachable
API_CALL_STARTED => Calling Private API
API_RESPONSE_RECEIVED => {"status":"Good","message":"Private API is running"}
MESSAGE_READY_FOR_KAFKA => Payload prepared successfully
ERROR_OCCURRED => Kafka broker is DOWN or unreachable
API_CALL_STARTED => Calling Private API
API_RESPONSE_RECEIVED => {"status":"Good","message":"Private API is running"}
MESSAGE_READY_FOR_KAFKA => Payload prepared successfully
ERROR_OCCURRED => Kafka broker is DOWN or unreachable
API_CALL_STARTED => Calling Private API
API_RESPONSE_RECEIVED => {"status":"Good","message":"Private API is running"}
MESSAGE_READY_FOR_KAFKA => Payload prepared successfully
ERROR_OCCURRED => Kafka broker is DOWN or unreachable
API_CALL_STARTED => Calling Private API
API_RESPONSE_RECEIVED => {"status":"Good","message":"Private API is running"}
MESSAGE_READY_FOR_KAFKA => Payload prepared successfully
ERROR_OCCURRED => Kafka broker is DOWN or unreachable
API_CALL_STARTED => Calling Private API
API_RESPONSE_RECEIVED => {"status":"Good","message":"Private API is running"}
MESSAGE_READY_FOR_KAFKA => Payload prepared successfully
ERROR_OCCURRED => Kafka broker is DOWN or unreachable
API_CALL_STARTED => Calling Private API
API_RESPONSE_RECEIVED => {"status":"Good","message":"Private API is running"}
MESSAGE_READY_FOR_KAFKA => Payload prepared successfully
ERROR_OCCURRED => Kafka broker is DOWN or unreachable
API_CALL_STARTED => Calling Private API
API_RESPONSE_RECEIVED => {"status":"Good","message":"Private API is running"}
MESSAGE_READY_FOR_KAFKA => Payload prepared successfully
ERROR_OCCURRED => Kafka broker is DOWN or unreachable
API_CALL_STARTED => Calling Private API
API_RESPONSE_RECEIVED => {"status":"Good","message":"Private API is running"}
MESSAGE_READY_FOR_KAFKA => Payload prepared successfully
ERROR_OCCURRED => Kafka broker is DOWN or unreachable
API_CALL_STARTED => Calling Private API
API_RESPONSE_RECEIVED => {"status":"Good","message":"Private API is running"}
MESSAGE_READY_FOR_KAFKA => Payload prepared successfully
ERROR_OCCURRED => Kafka broker is DOWN or unreachable
API_CALL_STARTED => Calling Private API
API_RESPONSE_RECEIVED => {"status":"Good","message":"Private API is running"}
MESSAGE_READY_FOR_KAFKA => Payload prepared successfully
ERROR_OCCURRED => Kafka broker is DOWN or unreachable
API_CALL_STARTED => Calling Private API
API_RESPONSE_RECEIVED => {"status":"Good","message":"Private API is running"}
MESSAGE_READY_FOR_KAFKA => Payload prepared successfully
ERROR_OCCURRED => Kafka broker is DOWN or unreachable
API_CALL_STARTED => Calling Private API
API_RESPONSE_RECEIVED => {"status":"Good","message":"Private API is running"}
MESSAGE_READY_FOR_KAFKA => Payload prepared successfully
ERROR_OCCURRED => Kafka broker is DOWN or unreachable
API_CALL_STARTED => Calling Private API
API_RESPONSE_RECEIVED => {"status":"Good","message":"Private API is running"}
MESSAGE_READY_FOR_KAFKA => Payload prepared successfully
ERROR_OCCURRED => Kafka broker is DOWN or unreachable
API_CALL_STARTED => Calling Private API
API_RESPONSE_RECEIVED => {"status":"Good","message":"Private API is running"}
MESSAGE_READY_FOR_KAFKA => Payload prepared successfully
ERROR_OCCURRED => Kafka broker is DOWN or unreachable
API_CALL_STARTED => Calling Private API
API_RESPONSE_RECEIVED => {"status":"Good","message":"Private API is running"}
MESSAGE_READY_FOR_KAFKA => Payload prepared successfully
ERROR_OCCURRED => Kafka broker is DOWN or unreachable
API_CALL_STARTED => Calling Private API
API_RESPONSE_RECEIVED => {"status":"Good","message":"Private API is running"}
MESSAGE_READY_FOR_KAFKA => Payload prepared successfully
ERROR_OCCURRED => Kafka broker is DOWN or unreachable
API_CALL_STARTED => Calling Private API
API_RESPONSE_RECEIVED => {"status":"Good","message":"Private API is running"}
MESSAGE_READY_FOR_KAFKA => Payload prepared successfully
ERROR_OCCURRED => Kafka broker is DOWN or unreachable
API_CALL_STARTED => Calling Private API
API_RESPONSE_RECEIVED => {"status":"Good","message":"Private API is running"}
MESSAGE_READY_FOR_KAFKA => Payload prepared successfully
ERROR_OCCURRED => Kafka broker is DOWN or unreachable
API_CALL_STARTED => Calling Private API
API_RESPONSE_RECEIVED => {"status":"Good","message":"Private API is running"}
MESSAGE_READY_FOR_KAFKA => Payload prepared successfully
ERROR_OCCURRED => Kafka broker is DOWN or unreachable
API_CALL_STARTED => Calling Private API
API_RESPONSE_RECEIVED => {"status":"Good","message":"Private API is running"}
MESSAGE_READY_FOR_KAFKA => Payload prepared successfully
ERROR_OCCURRED => Kafka broker is DOWN or unreachable
API_CALL_STARTED => Calling Private API
API_RESPONSE_RECEIVED => {"status":"Good","message":"Private API is running"}
MESSAGE_READY_FOR_KAFKA => Payload prepared successfully
ERROR_OCCURRED => Kafka broker is DOWN or unreachable
API_CALL_STARTED => Calling Private API
API_RESPONSE_RECEIVED => {"status":"Good","message":"Private API is running"}
MESSAGE_READY_FOR_KAFKA => Payload prepared successfully
ERROR_OCCURRED => Kafka broker is DOWN or unreachable
API_CALL_STARTED => Calling Private API
API_RESPONSE_RECEIVED => {"status":"Good","message":"Private API is running"}
MESSAGE_READY_FOR_KAFKA => Payload prepared successfully
ERROR_OCCURRED => Kafka broker is DOWN or unreachable
API_CALL_STARTED => Calling Private API
API_RESPONSE_RECEIVED => {"status":"Good","message":"Private API is running"}
MESSAGE_READY_FOR_KAFKA => Payload prepared successfully
ERROR_OCCURRED => Kafka broker is DOWN or unreachable
API_CALL_STARTED => Calling Private API
API_RESPONSE_RECEIVED => {"status":"Good","message":"Private API is running"}
MESSAGE_READY_FOR_KAFKA => Payload prepared successfully
ERROR_OCCURRED => Kafka broker is DOWN or unreachable
API_CALL_STARTED => Calling Private API
API_RESPONSE_RECEIVED => {"status":"Good","message":"Private API is running"}
MESSAGE_READY_FOR_KAFKA => Payload prepared successfully
ERROR_OCCURRED => Kafka broker is DOWN or unreachable
API_CALL_STARTED => Calling Private API
API_RESPONSE_RECEIVED => {"status":"Good","message":"Private API is running"}
MESSAGE_READY_FOR_KAFKA => Payload prepared successfully
ERROR_OCCURRED => Kafka broker is DOWN or unreachable
API_CALL_STARTED => Calling Private API
API_RESPONSE_RECEIVED => {"status":"Good","message":"Private API is running"}
MESSAGE_READY_FOR_KAFKA => Payload prepared successfully
ERROR_OCCURRED => Kafka broker is DOWN or unreachable
API_CALL_STARTED => Calling Private API
API_RESPONSE_RECEIVED => {"status":"Good","message":"Private API is running"}
MESSAGE_READY_FOR_KAFKA => Payload prepared successfully
ERROR_OCCURRED => Kafka broker is DOWN or unreachable
API_CALL_STARTED => Calling Private API
API_RESPONSE_RECEIVED => {"status":"Good","message":"Private API is running"}
MESSAGE_READY_FOR_KAFKA => Payload prepared successfully
ERROR_OCCURRED => Kafka broker is DOWN or unreachable
API_CALL_STARTED => Calling Private API
API_RESPONSE_RECEIVED => {"status":"Good","message":"Private API is running"}
MESSAGE_READY_FOR_KAFKA => Payload prepared successfully
ERROR_OCCURRED => Kafka broker is DOWN or unreachable
API_CALL_STARTED => Calling Private API
API_RESPONSE_RECEIVED => {"status":"Good","message":"Private API is running"}
MESSAGE_READY_FOR_KAFKA => Payload prepared successfully
ERROR_OCCURRED => Kafka broker is DOWN or unreachable
API_CALL_STARTED => Calling Private API
API_RESPONSE_RECEIVED => {"status":"Good","message":"Private API is running"}
MESSAGE_READY_FOR_KAFKA => Payload prepared successfully
ERROR_OCCURRED => Kafka broker is DOWN or unreachable
API_CALL_STARTED => Calling Private API
API_RESPONSE_RECEIVED => {"status":"Good","message":"Private API is running"}
MESSAGE_READY_FOR_KAFKA => Payload prepared successfully
ERROR_OCCURRED => Kafka broker is DOWN or unreachable
API_CALL_STARTED => Calling Private API
API_RESPONSE_RECEIVED => {"status":"Good","message":"Private API is running"}
MESSAGE_READY_FOR_KAFKA => Payload prepared successfully
ERROR_OCCURRED => Kafka broker is DOWN or unreachable
API_CALL_STARTED => Calling Private API
API_RESPONSE_RECEIVED => {"status":"Good","message":"Private API is running"}
MESSAGE_READY_FOR_KAFKA => Payload prepared successfully
ERROR_OCCURRED => Kafka broker is DOWN or unreachable
API_CALL_STARTED => Calling Private API
API_RESPONSE_RECEIVED => {"status":"Good","message":"Private API is running"}
MESSAGE_READY_FOR_KAFKA => Payload prepared successfully
ERROR_OCCURRED => Kafka broker is DOWN or unreachable
API_CALL_STARTED => Calling Private API
API_RESPONSE_RECEIVED => {"status":"Good","message":"Private API is running"}
MESSAGE_READY_FOR_KAFKA => Payload prepared successfully
ERROR_OCCURRED => Kafka broker is DOWN or unreachable
API_CALL_STARTED => Calling Private API
API_RESPONSE_RECEIVED => {"status":"Good","message":"Private API is running"}
MESSAGE_READY_FOR_KAFKA => Payload prepared successfully
ERROR_OCCURRED => Kafka broker is DOWN or unreachable
API_CALL_STARTED => Calling Private API
API_RESPONSE_RECEIVED => {"status":"Good","message":"Private API is running"}
MESSAGE_READY_FOR_KAFKA => Payload prepared successfully
ERROR_OCCURRED => Kafka broker is DOWN or unreachable
API_CALL_STARTED => Calling Private API
API_RESPONSE_RECEIVED => {"status":"Good","message":"Private API is running"}
MESSAGE_READY_FOR_KAFKA => Payload prepared successfully
ERROR_OCCURRED => Kafka broker is DOWN or unreachable
API_CALL_STARTED => Calling Private API
API_RESPONSE_RECEIVED => {"status":"Good","message":"Private API is running"}
MESSAGE_READY_FOR_KAFKA => Payload prepared successfully
ERROR_OCCURRED => Kafka broker is DOWN or unreachable
API_CALL_STARTED => Calling Private API
API_RESPONSE_RECEIVED => {"status":"Good","message":"Private API is running"}
MESSAGE_READY_FOR_KAFKA => Payload prepared successfully
ERROR_OCCURRED => Kafka broker is DOWN or unreachable
API_CALL_STARTED => Calling Private API
API_RESPONSE_RECEIVED => {"status":"Good","message":"Private API is running"}
MESSAGE_READY_FOR_KAFKA => Payload prepared successfully
ERROR_OCCURRED => Kafka broker is DOWN or unreachable
API_CALL_STARTED => Calling Private API
API_RESPONSE_RECEIVED => {"status":"Good","message":"Private API is running"}
MESSAGE_READY_FOR_KAFKA => Payload prepared successfully
ERROR_OCCURRED => Kafka broker is DOWN or unreachable
API_CALL_STARTED => Calling Private API
API_RESPONSE_RECEIVED => {"status":"Good","message":"Private API is running"}
MESSAGE_READY_FOR_KAFKA => Payload prepared successfully
ERROR_OCCURRED => Kafka broker is DOWN or unreachable
API_CALL_STARTED => Calling Private API
API_RESPONSE_RECEIVED => {"status":"Good","message":"Private API is running"}
MESSAGE_READY_FOR_KAFKA => Payload prepared successfully
ERROR_OCCURRED => Kafka broker is DOWN or unreachable
API_CALL_STARTED => Calling Private API
API_RESPONSE_RECEIVED => {"status":"Good","message":"Private API is running"}
MESSAGE_READY_FOR_KAFKA => Payload prepared successfully
ERROR_OCCURRED => Kafka broker is DOWN or unreachable
API_CALL_STARTED => Calling Private API
API_RESPONSE_RECEIVED => {"status":"Good","message":"Private API is running"}
MESSAGE_READY_FOR_KAFKA => Payload prepared successfully
ERROR_OCCURRED => Kafka broker is DOWN or unreachable
API_CALL_STARTED => Calling Private API
API_RESPONSE_RECEIVED => {"status":"Good","message":"Private API is running"}
MESSAGE_READY_FOR_KAFKA => Payload prepared successfully
ERROR_OCCURRED => Kafka broker is DOWN or unreachable
API_CALL_STARTED => Calling Private API
API_RESPONSE_RECEIVED => {"status":"Good","message":"Private API is running"}
MESSAGE_READY_FOR_KAFKA => Payload prepared successfully
ERROR_OCCURRED => Kafka broker is DOWN or unreachable
API_CALL_STARTED => Calling Private API
API_RESPONSE_RECEIVED => {"status":"Good","message":"Private API is running"}
MESSAGE_READY_FOR_KAFKA => Payload prepared successfully
ERROR_OCCURRED => Kafka broker is DOWN or unreachable
API_CALL_STARTED => Calling Private API
API_RESPONSE_RECEIVED => {"status":"Good","message":"Private API is running"}
MESSAGE_READY_FOR_KAFKA => Payload prepared successfully
ERROR_OCCURRED => Kafka broker is DOWN or unreachable
API_CALL_STARTED => Calling Private API
API_RESPONSE_RECEIVED => {"status":"Good","message":"Private API is running"}
MESSAGE_READY_FOR_KAFKA => Payload prepared successfully
ERROR_OCCURRED => Kafka broker is DOWN or unreachable
API_CALL_STARTED => Calling Private API
API_RESPONSE_RECEIVED => {"status":"Good","message":"Private API is running"}
MESSAGE_READY_FOR_KAFKA => Payload prepared successfully
ERROR_OCCURRED => Kafka broker is DOWN or unreachable
API_CALL_STARTED => Calling Private API
API_RESPONSE_RECEIVED => {"status":"Good","message":"Private API is running"}
MESSAGE_READY_FOR_KAFKA => Payload prepared successfully
ERROR_OCCURRED => Kafka broker is DOWN or unreachable
API_CALL_STARTED => Calling Private API
API_RESPONSE_RECEIVED => {"status":"Good","message":"Private API is running"}
MESSAGE_READY_FOR_KAFKA => Payload prepared successfully
ERROR_OCCURRED => Kafka broker is DOWN or unreachable
API_CALL_STARTED => Calling Private API
API_RESPONSE_RECEIVED => {"status":"Good","message":"Private API is running"}
MESSAGE_READY_FOR_KAFKA => Payload prepared successfully
ERROR_OCCURRED => Kafka broker is DOWN or unreachable
API_CALL_STARTED => Calling Private API
API_RESPONSE_RECEIVED => {"status":"Good","message":"Private API is running"}
MESSAGE_READY_FOR_KAFKA => Payload prepared successfully
ERROR_OCCURRED => Kafka broker is DOWN or unreachable
API_CALL_STARTED => Calling Private API
API_RESPONSE_RECEIVED => {"status":"Good","message":"Private API is running"}
MESSAGE_READY_FOR_KAFKA => Payload prepared successfully
ERROR_OCCURRED => Kafka broker is DOWN or unreachable
API_CALL_STARTED => Calling Private API
API_RESPONSE_RECEIVED => {"status":"Good","message":"Private API is running"}
MESSAGE_READY_FOR_KAFKA => Payload prepared successfully
ERROR_OCCURRED => Kafka broker is DOWN or unreachable
API_CALL_STARTED => Calling Private API
API_RESPONSE_RECEIVED => {"status":"Good","message":"Private API is running"}
MESSAGE_READY_FOR_KAFKA => Payload prepared successfully
ERROR_OCCURRED => Kafka broker is DOWN or unreachable
API_CALL_STARTED => Calling Private API
API_RESPONSE_RECEIVED => {"status":"Good","message":"Private API is running"}
MESSAGE_READY_FOR_KAFKA => Payload prepared successfully
ERROR_OCCURRED => Kafka broker is DOWN or unreachable
API_CALL_STARTED => Calling Private API
API_RESPONSE_RECEIVED => {"status":"Good","message":"Private API is running"}
MESSAGE_READY_FOR_KAFKA => Payload prepared successfully
ERROR_OCCURRED => Kafka broker is DOWN or unreachable
API_CALL_STARTED => Calling Private API
API_RESPONSE_RECEIVED => {"status":"Good","message":"Private API is running"}
MESSAGE_READY_FOR_KAFKA => Payload prepared successfully
ERROR_OCCURRED => Kafka broker is DOWN or unreachable
API_CALL_STARTED => Calling Private API
API_RESPONSE_RECEIVED => {"status":"Good","message":"Private API is running"}
MESSAGE_READY_FOR_KAFKA => Payload prepared successfully
ERROR_OCCURRED => Kafka broker is DOWN or unreachable
API_CALL_STARTED => Calling Private API
API_RESPONSE_RECEIVED => {"status":"Good","message":"Private API is running"}
MESSAGE_READY_FOR_KAFKA => Payload prepared successfully
ERROR_OCCURRED => Kafka broker is DOWN or unreachable
API_CALL_STARTED => Calling Private API
API_RESPONSE_RECEIVED => {"status":"Good","message":"Private API is running"}
MESSAGE_READY_FOR_KAFKA => Payload prepared successfully
ERROR_OCCURRED => Kafka broker is DOWN or unreachable
API_CALL_STARTED => Calling Private API
API_RESPONSE_RECEIVED => {"status":"Good","message":"Private API is running"}
MESSAGE_READY_FOR_KAFKA => Payload prepared successfully
ERROR_OCCURRED => Kafka broker is DOWN or unreachable
API_CALL_STARTED => Calling Private API
API_RESPONSE_RECEIVED => {"status":"Good","message":"Private API is running"}
MESSAGE_READY_FOR_KAFKA => Payload prepared successfully
ERROR_OCCURRED => Kafka broker is DOWN or unreachable
API_CALL_STARTED => Calling Private API
API_RESPONSE_RECEIVED => {"status":"Good","message":"Private API is running"}
MESSAGE_READY_FOR_KAFKA => Payload prepared successfully
ERROR_OCCURRED => Kafka broker is DOWN or unreachable
API_CALL_STARTED => Calling Private API
API_RESPONSE_RECEIVED => {"status":"Good","message":"Private API is running"}
MESSAGE_READY_FOR_KAFKA => Payload prepared successfully
ERROR_OCCURRED => Kafka broker is DOWN or unreachable
API_CALL_STARTED => Calling Private API
API_RESPONSE_RECEIVED => {"status":"Good","message":"Private API is running"}
MESSAGE_READY_FOR_KAFKA => Payload prepared successfully
ERROR_OCCURRED => Kafka broker is DOWN or unreachable
API_CALL_STARTED => Calling Private API
API_RESPONSE_RECEIVED => {"status":"Good","message":"Private API is running"}
MESSAGE_READY_FOR_KAFKA => Payload prepared successfully
ERROR_OCCURRED => Kafka broker is DOWN or unreachable
API_CALL_STARTED => Calling Private API
API_RESPONSE_RECEIVED => {"status":"Good","message":"Private API is running"}
MESSAGE_READY_FOR_KAFKA => Payload prepared successfully
ERROR_OCCURRED => Kafka broker is DOWN or unreachable
API_CALL_STARTED => Calling Private API
API_RESPONSE_RECEIVED => {"status":"Good","message":"Private API is running"}
MESSAGE_READY_FOR_KAFKA => Payload prepared successfully
ERROR_OCCURRED => Kafka broker is DOWN or unreachable
API_CALL_STARTED => Calling Private API
API_RESPONSE_RECEIVED => {"status":"Good","message":"Private API is running"}
MESSAGE_READY_FOR_KAFKA => Payload prepared successfully
ERROR_OCCURRED => Kafka broker is DOWN or unreachable
API_CALL_STARTED => Calling Private API
API_RESPONSE_RECEIVED => {"status":"Good","message":"Private API is running"}
MESSAGE_READY_FOR_KAFKA => Payload prepared successfully
ERROR_OCCURRED => Kafka broker is DOWN or unreachable
API_CALL_STARTED => Calling Private API
API_RESPONSE_RECEIVED => {"status":"Good","message":"Private API is running"}
MESSAGE_READY_FOR_KAFKA => Payload prepared successfully
ERROR_OCCURRED => Kafka broker is DOWN or unreachable
API_CALL_STARTED => Calling Private API
API_RESPONSE_RECEIVED => {"status":"Good","message":"Private API is running"}
MESSAGE_READY_FOR_KAFKA => Payload prepared successfully
ERROR_OCCURRED => Kafka broker is DOWN or unreachable
API_CALL_STARTED => Calling Private API
API_RESPONSE_RECEIVED => {"status":"Good","message":"Private API is running"}
MESSAGE_READY_FOR_KAFKA => Payload prepared successfully
ERROR_OCCURRED => Kafka broker is DOWN or unreachable
API_CALL_STARTED => Calling Private API
API_RESPONSE_RECEIVED => {"status":"Good","message":"Private API is running"}
MESSAGE_READY_FOR_KAFKA => Payload prepared successfully
ERROR_OCCURRED => Kafka broker is DOWN or unreachable
API_CALL_STARTED => Calling Private API
API_RESPONSE_RECEIVED => {"status":"Good","message":"Private API is running"}
MESSAGE_READY_FOR_KAFKA => Payload prepared successfully
ERROR_OCCURRED => Kafka broker is DOWN or unreachable
API_CALL_STARTED => Calling Private API
API_RESPONSE_RECEIVED => {"status":"Good","message":"Private API is running"}
MESSAGE_READY_FOR_KAFKA => Payload prepared successfully
ERROR_OCCURRED => Kafka broker is DOWN or unreachable
API_CALL_STARTED => Calling Private API
API_RESPONSE_RECEIVED => {"status":"Good","message":"Private API is running"}
MESSAGE_READY_FOR_KAFKA => Payload prepared successfully
ERROR_OCCURRED => Kafka broker is DOWN or unreachable
API_CALL_STARTED => Calling Private API
API_RESPONSE_RECEIVED => {"status":"Good","message":"Private API is running"}
MESSAGE_READY_FOR_KAFKA => Payload prepared successfully
ERROR_OCCURRED => Kafka broker is DOWN or unreachable
API_CALL_STARTED => Calling Private API
API_RESPONSE_RECEIVED => {"status":"Good","message":"Private API is running"}
MESSAGE_READY_FOR_KAFKA => Payload prepared successfully
ERROR_OCCURRED => Kafka broker is DOWN or unreachable
API_CALL_STARTED => Calling Private API
API_RESPONSE_RECEIVED => {"status":"Good","message":"Private API is running"}
MESSAGE_READY_FOR_KAFKA => Payload prepared successfully
ERROR_OCCURRED => null
[2026-02-02 15:43:29.717] API_CALL_STARTED => Calling Private API
[2026-02-02 15:43:29.717] API_RESPONSE_RECEIVED => {"status":"Good","message":"Private API is running"}
[2026-02-02 15:43:29.717] MESSAGE_READY_FOR_KAFKA => Payload prepared successfully
[2026-02-02 15:43:31.659] ERROR_OCCURRED => Kafka broker is DOWN or unreachable
[2026-02-02 15:43:34.703] API_CALL_STARTED => Calling Private API
[2026-02-02 15:43:34.703] API_RESPONSE_RECEIVED => {"status":"Good","message":"Private API is running"}
[2026-02-02 15:43:34.703] MESSAGE_READY_FOR_KAFKA => Payload prepared successfully
[2026-02-02 15:43:34.730] ERROR_OCCURRED => Kafka broker is DOWN or unreachable
[2026-02-02 15:43:39.712] API_CALL_STARTED => Calling Private API
[2026-02-02 15:43:39.712] API_RESPONSE_RECEIVED => {"status":"Good","message":"Private API is running"}
[2026-02-02 15:43:39.712] MESSAGE_READY_FOR_KAFKA => Payload prepared successfully
[2026-02-02 15:43:39.803] ERROR_OCCURRED => Kafka broker is DOWN or unreachable
[2026-02-02 15:55:22.253] API_CALL_STARTED => Calling Private API
[2026-02-02 15:55:22.253] API_RESPONSE_RECEIVED => {"status":"Good","message":"Private API is running"}
[2026-02-02 15:55:22.253] MESSAGE_READY_FOR_KAFKA => Payload prepared successfully
[2026-02-02 15:55:23.459] ERROR_OCCURRED => Kafka broker is DOWN or unreachable
[2026-02-02 15:55:27.241] API_CALL_STARTED => Calling Private API
[2026-02-02 15:55:27.241] API_RESPONSE_RECEIVED => {"status":"Good","message":"Private API is running"}
[2026-02-02 15:55:27.241] MESSAGE_READY_FOR_KAFKA => Payload prepared successfully
[2026-02-02 15:55:27.268] ERROR_OCCURRED => Kafka broker is DOWN or unreachable
[2026-02-02 16:11:34.732] API_CALL_STARTED => Calling Private API
[2026-02-02 16:11:34.732] API_RESPONSE_RECEIVED => {"status":"Good","message":"Private API is running"}
[2026-02-02 16:11:34.732] MESSAGE_READY_FOR_KAFKA => Payload prepared successfully
[2026-02-02 16:11:37.985] ERROR_OCCURRED => Kafka broker is DOWN or unreachable
[2026-02-02 16:11:39.694] API_CALL_STARTED => Calling Private API
[2026-02-02 16:11:39.694] API_RESPONSE_RECEIVED => {"status":"Good","message":"Private API is running"}
[2026-02-02 16:11:39.694] MESSAGE_READY_FOR_KAFKA => Payload prepared successfully
[2026-02-02 16:11:39.721] ERROR_OCCURRED => Kafka broker is DOWN or unreachable
[2026-02-02 16:11:44.702] API_CALL_STARTED => Calling Private API
[2026-02-02 16:11:44.702] API_RESPONSE_RECEIVED => {"status":"Good","message":"Private API is running"}
[2026-02-02 16:11:44.702] MESSAGE_READY_FOR_KAFKA => Payload prepared successfully
[2026-02-02 16:11:44.732] ERROR_OCCURRED => Kafka broker is DOWN or unreachable
[2026-02-02 16:11:49.703] API_CALL_STARTED => Calling Private API
[2026-02-02 16:11:49.703] API_RESPONSE_RECEIVED => {"status":"Good","message":"Private API is running"}
[2026-02-02 16:11:49.703] MESSAGE_READY_FOR_KAFKA => Payload prepared successfully
[2026-02-02 16:11:49.732] ERROR_OCCURRED => Kafka broker is DOWN or unreachable
[2026-02-02 16:11:54.709] API_CALL_STARTED => Calling Private API
[2026-02-02 16:11:54.709] API_RESPONSE_RECEIVED => {"status":"Good","message":"Private API is running"}
[2026-02-02 16:11:54.709] MESSAGE_READY_FOR_KAFKA => Payload prepared successfully
[2026-02-02 16:11:54.737] ERROR_OCCURRED => Kafka broker is DOWN or unreachable
[2026-02-02 16:11:59.726] API_CALL_STARTED => Calling Private API
[2026-02-02 16:11:59.726] API_RESPONSE_RECEIVED => {"status":"Good","message":"Private API is running"}
[2026-02-02 16:11:59.726] MESSAGE_READY_FOR_KAFKA => Payload prepared successfully
[2026-02-02 16:11:59.756] ERROR_OCCURRED => Kafka broker is DOWN or unreachable
[2026-02-02 16:34:46.601] API_CALL_STARTED => Calling Private API
[2026-02-02 16:34:46.601] API_RESPONSE_RECEIVED => {"status":"Good","message":"Private API is running"}
[2026-02-02 16:34:46.601] MESSAGE_READY_FOR_KAFKA => Payload prepared successfully
[2026-02-02 16:34:48.377] ERROR_OCCURRED => Kafka broker is DOWN or unreachable
[2026-02-02 16:34:51.582] API_CALL_STARTED => Calling Private API
[2026-02-02 16:34:51.582] API_RESPONSE_RECEIVED => {"status":"Good","message":"Private API is running"}
[2026-02-02 16:34:51.582] MESSAGE_READY_FOR_KAFKA => Payload prepared successfully
[2026-02-02 16:34:51.619] ERROR_OCCURRED => Kafka broker is DOWN or unreachable
[2026-02-02 16:34:56.587] API_CALL_STARTED => Calling Private API
[2026-02-02 16:34:56.587] API_RESPONSE_RECEIVED => {"status":"Good","message":"Private API is running"}
[2026-02-02 16:34:56.587] MESSAGE_READY_FOR_KAFKA => Payload prepared successfully
[2026-02-02 16:34:56.613] ERROR_OCCURRED => Kafka broker is DOWN or unreachable
[2026-02-02 16:35:01.598] API_CALL_STARTED => Calling Private API
[2026-02-02 16:35:01.598] API_RESPONSE_RECEIVED => {"status":"Good","message":"Private API is running"}
[2026-02-02 16:35:01.598] MESSAGE_READY_FOR_KAFKA => Payload prepared successfully
[2026-02-02 16:35:01.641] ERROR_OCCURRED => Kafka broker is DOWN or unreachable
[2026-02-02 16:35:06.607] API_CALL_STARTED => Calling Private API
[2026-02-02 16:35:06.607] API_RESPONSE_RECEIVED => {"status":"Good","message":"Private API is running"}
[2026-02-02 16:35:06.607] MESSAGE_READY_FOR_KAFKA => Payload prepared successfully
[2026-02-02 16:35:06.638] ERROR_OCCURRED => Kafka broker is DOWN or unreachable
[2026-02-02 16:39:57.253] API_CALL_STARTED => Calling Private API
[2026-02-02 16:39:57.253] API_RESPONSE_RECEIVED => {"status":"Good","message":"Private API is running"}
[2026-02-02 16:39:57.253] MESSAGE_READY_FOR_KAFKA => Payload prepared successfully
[2026-02-02 16:39:59.011] ERROR_OCCURRED => Kafka broker is DOWN or unreachable
[2026-02-02 16:40:02.241] API_CALL_STARTED => Calling Private API
[2026-02-02 16:40:02.241] API_RESPONSE_RECEIVED => {"status":"Good","message":"Private API is running"}
[2026-02-02 16:40:02.241] MESSAGE_READY_FOR_KAFKA => Payload prepared successfully
[2026-02-02 16:40:02.281] ERROR_OCCURRED => Kafka broker is DOWN or unreachable
[2026-02-02 16:44:53.419] API_CALL_STARTED => Calling Private API
[2026-02-02 16:44:53.419] API_RESPONSE_RECEIVED => {"status":"Good","message":"Private API is running"}
[2026-02-02 16:44:53.419] MESSAGE_READY_FOR_KAFKA => Payload prepared successfully
[2026-02-02 16:44:54.358] ERROR_OCCURRED => Kafka broker is DOWN or unreachable
[2026-02-02 16:44:58.412] API_CALL_STARTED => Calling Private API
[2026-02-02 16:44:58.412] API_RESPONSE_RECEIVED => {"status":"Good","message":"Private API is running"}
[2026-02-02 16:44:58.412] MESSAGE_READY_FOR_KAFKA => Payload prepared successfully
[2026-02-02 16:44:58.441] ERROR_OCCURRED => Kafka broker is DOWN or unreachable
[2026-02-02 16:45:03.423] API_CALL_STARTED => Calling Private API
[2026-02-02 16:45:03.423] API_RESPONSE_RECEIVED => {"status":"Good","message":"Private API is running"}
[2026-02-02 16:45:03.423] MESSAGE_READY_FOR_KAFKA => Payload prepared successfully
[2026-02-02 16:45:03.457] ERROR_OCCURRED => Kafka broker is DOWN or unreachable
[2026-02-02 16:48:55.312] API_CALL_STARTED => Calling Private API
[2026-02-02 16:48:55.312] API_RESPONSE_RECEIVED => {"status":"Good","message":"Private API is running"}
[2026-02-02 16:48:55.312] MESSAGE_READY_FOR_KAFKA => Payload prepared successfully
[2026-02-02 16:48:56.284] ERROR_OCCURRED => Private API is DOWN or unreachable
[2026-02-02 16:49:00.304] API_CALL_STARTED => Calling Private API
[2026-02-02 16:49:00.304] API_RESPONSE_RECEIVED => {"status":"Good","message":"Private API is running"}
[2026-02-02 16:49:00.304] MESSAGE_READY_FOR_KAFKA => Payload prepared successfully
[2026-02-02 16:49:00.367] ERROR_OCCURRED => Private API is DOWN or unreachable
[2026-02-02 16:49:05.311] API_CALL_STARTED => Calling Private API
[2026-02-02 16:49:05.311] API_RESPONSE_RECEIVED => {"status":"Good","message":"Private API is running"}
[2026-02-02 16:49:05.311] MESSAGE_READY_FOR_KAFKA => Payload prepared successfully
[2026-02-02 16:49:05.369] ERROR_OCCURRED => Private API is DOWN or unreachable
[2026-02-02 16:49:10.317] API_CALL_STARTED => Calling Private API
[2026-02-02 16:49:10.317] API_RESPONSE_RECEIVED => {"status":"Good","message":"Private API is running"}
[2026-02-02 16:49:10.317] MESSAGE_READY_FOR_KAFKA => Payload prepared successfully
[2026-02-02 16:49:10.346] ERROR_OCCURRED => Private API is DOWN or unreachable
[2026-02-02 16:49:15.319] API_CALL_STARTED => Calling Private API
[2026-02-02 16:49:15.319] API_RESPONSE_RECEIVED => {"status":"Good","message":"Private API is running"}
[2026-02-02 16:49:15.319] MESSAGE_READY_FOR_KAFKA => Payload prepared successfully
[2026-02-02 16:49:15.354] ERROR_OCCURRED => Private API is DOWN or unreachable
[2026-02-02 16:49:20.331] API_CALL_STARTED => Calling Private API
[2026-02-02 16:49:20.331] API_RESPONSE_RECEIVED => {"status":"Good","message":"Private API is running"}
[2026-02-02 16:49:20.331] MESSAGE_READY_FOR_KAFKA => Payload prepared successfully
[2026-02-02 16:49:20.363] ERROR_OCCURRED => Private API is DOWN or unreachable
[2026-02-02 16:49:25.345] API_CALL_STARTED => Calling Private API
[2026-02-02 16:49:25.345] API_RESPONSE_RECEIVED => {"status":"Good","message":"Private API is running"}
[2026-02-02 16:49:25.345] MESSAGE_READY_FOR_KAFKA => Payload prepared successfully
[2026-02-02 16:49:25.385] ERROR_OCCURRED => Private API is DOWN or unreachable
[2026-02-02 16:54:41.968] API_CALL_STARTED => Calling Private API
[2026-02-02 16:54:41.968] API_RESPONSE_RECEIVED => {"status":"Good","message":"Private API is running"}
[2026-02-02 16:54:41.968] MESSAGE_READY_FOR_KAFKA => Payload prepared successfully
[2026-02-02 16:54:43.542] ERROR_OCCURRED => Private API is DOWN or unreachable
[2026-02-02 16:54:46.955] API_CALL_STARTED => Calling Private API
[2026-02-02 16:54:46.955] API_RESPONSE_RECEIVED => {"status":"Good","message":"Private API is running"}
[2026-02-02 16:54:46.955] MESSAGE_READY_FOR_KAFKA => Payload prepared successfully
[2026-02-02 16:54:47.007] ERROR_OCCURRED => Private API is DOWN or unreachable
[2026-02-02 16:54:51.956] API_CALL_STARTED => Calling Private API
[2026-02-02 16:54:51.956] API_RESPONSE_RECEIVED => {"status":"Good","message":"Private API is running"}
[2026-02-02 16:54:51.956] MESSAGE_READY_FOR_KAFKA => Payload prepared successfully
[2026-02-02 16:54:51.998] ERROR_OCCURRED => Private API is DOWN or unreachable
[2026-02-02 16:54:56.962] API_CALL_STARTED => Calling Private API
[2026-02-02 16:54:56.962] API_RESPONSE_RECEIVED => {"status":"Good","message":"Private API is running"}
[2026-02-02 16:54:56.962] MESSAGE_READY_FOR_KAFKA => Payload prepared successfully
[2026-02-02 16:55:09.110] ERROR_OCCURRED => Private API is DOWN or unreachable
[2026-02-02 16:55:09.127] API_CALL_STARTED => Calling Private API
[2026-02-02 16:55:09.127] API_RESPONSE_RECEIVED => {"status":"Good","message":"Private API is running"}
[2026-02-02 16:55:09.127] MESSAGE_READY_FOR_KAFKA => Payload prepared successfully
[2026-02-02 16:55:09.183] ERROR_OCCURRED => Private API is DOWN or unreachable
[2026-02-02 16:55:14.141] API_CALL_STARTED => Calling Private API
[2026-02-02 16:55:14.141] API_RESPONSE_RECEIVED => {"status":"Good","message":"Private API is running"}
[2026-02-02 16:55:14.141] MESSAGE_READY_FOR_KAFKA => Payload prepared successfully
[2026-02-02 16:55:14.217] ERROR_OCCURRED => Private API is DOWN or unreachable
[2026-02-02 16:55:19.145] API_CALL_STARTED => Calling Private API
[2026-02-02 16:55:19.145] API_RESPONSE_RECEIVED => {"status":"Good","message":"Private API is running"}
[2026-02-02 16:55:19.145] MESSAGE_READY_FOR_KAFKA => Payload prepared successfully
[2026-02-02 16:55:57.833] ERROR_OCCURRED => Private API is DOWN or unreachable
[2026-02-02 16:55:57.849] API_CALL_STARTED => Calling Private API
[2026-02-02 16:55:57.849] API_RESPONSE_RECEIVED => {"status":"Good","message":"Private API is running"}
[2026-02-02 16:55:57.849] MESSAGE_READY_FOR_KAFKA => Payload prepared successfully
[2026-02-02 16:55:57.883] ERROR_OCCURRED => Private API is DOWN or unreachable
[2026-02-02 16:56:02.861] API_CALL_STARTED => Calling Private API
[2026-02-02 16:56:02.861] API_RESPONSE_RECEIVED => {"status":"Good","message":"Private API is running"}
[2026-02-02 16:56:02.861] MESSAGE_READY_FOR_KAFKA => Payload prepared successfully
[2026-02-02 16:56:02.899] ERROR_OCCURRED => Private API is DOWN or unreachable
[2026-02-02 16:56:07.867] API_CALL_STARTED => Calling Private API
[2026-02-02 16:56:07.867] API_RESPONSE_RECEIVED => {"status":"Good","message":"Private API is running"}
[2026-02-02 16:56:07.867] MESSAGE_READY_FOR_KAFKA => Payload prepared successfully
[2026-02-02 16:56:07.986] ERROR_OCCURRED => Private API is DOWN or unreachable
[2026-02-02 16:56:12.868] API_CALL_STARTED => Calling Private API
[2026-02-02 16:56:12.868] API_RESPONSE_RECEIVED => {"status":"Good","message":"Private API is running"}
[2026-02-02 16:56:12.868] MESSAGE_READY_FOR_KAFKA => Payload prepared successfully
[2026-02-02 16:56:12.901] ERROR_OCCURRED => Private API is DOWN or unreachable
[2026-02-02 16:56:17.871] API_CALL_STARTED => Calling Private API
[2026-02-02 16:56:17.871] API_RESPONSE_RECEIVED => {"status":"Good","message":"Private API is running"}
[2026-02-02 16:56:17.871] MESSAGE_READY_FOR_KAFKA => Payload prepared successfully
[2026-02-02 16:56:17.915] ERROR_OCCURRED => Private API is DOWN or unreachable
[2026-02-02 16:56:22.881] API_CALL_STARTED => Calling Private API
[2026-02-02 16:56:22.881] API_RESPONSE_RECEIVED => {"status":"Good","message":"Private API is running"}
[2026-02-02 16:56:22.881] MESSAGE_READY_FOR_KAFKA => Payload prepared successfully
[2026-02-02 16:56:22.916] ERROR_OCCURRED => Private API is DOWN or unreachable
[2026-02-02 16:56:27.886] API_CALL_STARTED => Calling Private API
[2026-02-02 16:56:27.886] API_RESPONSE_RECEIVED => {"status":"Good","message":"Private API is running"}
[2026-02-02 16:56:27.886] MESSAGE_READY_FOR_KAFKA => Payload prepared successfully
[2026-02-02 16:56:27.917] ERROR_OCCURRED => Private API is DOWN or unreachable
[2026-02-02 16:56:32.893] API_CALL_STARTED => Calling Private API
[2026-02-02 16:56:32.893] API_RESPONSE_RECEIVED => {"status":"Good","message":"Private API is running"}
[2026-02-02 16:56:32.893] MESSAGE_READY_FOR_KAFKA => Payload prepared successfully
[2026-02-02 16:56:32.929] ERROR_OCCURRED => Private API is DOWN or unreachable
[2026-02-02 16:56:37.903] API_CALL_STARTED => Calling Private API
[2026-02-02 16:56:37.903] API_RESPONSE_RECEIVED => {"status":"Good","message":"Private API is running"}
[2026-02-02 16:56:37.903] MESSAGE_READY_FOR_KAFKA => Payload prepared successfully
[2026-02-02 16:56:37.934] ERROR_OCCURRED => Private API is DOWN or unreachable
[2026-02-02 16:56:42.904] API_CALL_STARTED => Calling Private API
[2026-02-02 16:56:42.904] API_RESPONSE_RECEIVED => {"status":"Good","message":"Private API is running"}
[2026-02-02 16:56:42.904] MESSAGE_READY_FOR_KAFKA => Payload prepared successfully
[2026-02-02 16:56:42.939] ERROR_OCCURRED => Private API is DOWN or unreachable
[2026-02-02 16:56:47.908] API_CALL_STARTED => Calling Private API
[2026-02-02 16:56:47.908] API_RESPONSE_RECEIVED => {"status":"Good","message":"Private API is running"}
[2026-02-02 16:56:47.908] MESSAGE_READY_FOR_KAFKA => Payload prepared successfully
[2026-02-02 16:56:47.958] ERROR_OCCURRED => Private API is DOWN or unreachable
[2026-02-02 16:56:52.913] API_CALL_STARTED => Calling Private API
[2026-02-02 16:56:52.913] API_RESPONSE_RECEIVED => {"status":"Good","message":"Private API is running"}
[2026-02-02 16:56:52.913] MESSAGE_READY_FOR_KAFKA => Payload prepared successfully
[2026-02-02 16:56:52.942] ERROR_OCCURRED => Private API is DOWN or unreachable
[2026-02-02 16:56:57.916] API_CALL_STARTED => Calling Private API
[2026-02-02 16:56:57.916] API_RESPONSE_RECEIVED => {"status":"Good","message":"Private API is running"}
[2026-02-02 16:56:57.916] MESSAGE_READY_FOR_KAFKA => Payload prepared successfully
[2026-02-02 16:56:57.952] ERROR_OCCURRED => Private API is DOWN or unreachable
[2026-02-02 16:57:02.924] API_CALL_STARTED => Calling Private API
[2026-02-02 16:57:02.924] API_RESPONSE_RECEIVED => {"status":"Good","message":"Private API is running"}
[2026-02-02 16:57:02.924] MESSAGE_READY_FOR_KAFKA => Payload prepared successfully
[2026-02-02 16:57:02.956] ERROR_OCCURRED => Private API is DOWN or unreachable
[2026-02-02 16:57:07.928] API_CALL_STARTED => Calling Private API
[2026-02-02 16:57:07.928] API_RESPONSE_RECEIVED => {"status":"Good","message":"Private API is running"}
[2026-02-02 16:57:07.928] MESSAGE_READY_FOR_KAFKA => Payload prepared successfully
[2026-02-02 16:57:07.956] ERROR_OCCURRED => Private API is DOWN or unreachable
[2026-02-02 16:57:12.937] API_CALL_STARTED => Calling Private API
[2026-02-02 16:57:12.937] API_RESPONSE_RECEIVED => {"status":"Good","message":"Private API is running"}
[2026-02-02 16:57:12.937] MESSAGE_READY_FOR_KAFKA => Payload prepared successfully
[2026-02-02 16:57:12.968] ERROR_OCCURRED => Private API is DOWN or unreachable
[2026-02-02 16:57:17.943] API_CALL_STARTED => Calling Private API
[2026-02-02 16:57:17.943] API_RESPONSE_RECEIVED => {"status":"Good","message":"Private API is running"}
[2026-02-02 16:57:17.943] MESSAGE_READY_FOR_KAFKA => Payload prepared successfully
[2026-02-02 16:57:17.975] ERROR_OCCURRED => Private API is DOWN or unreachable
[2026-02-02 16:57:22.958] API_CALL_STARTED => Calling Private API
[2026-02-02 16:57:22.958] API_RESPONSE_RECEIVED => {"status":"Good","message":"Private API is running"}
[2026-02-02 16:57:22.958] MESSAGE_READY_FOR_KAFKA => Payload prepared successfully
[2026-02-02 16:57:22.989] ERROR_OCCURRED => Private API is DOWN or unreachable
[2026-02-02 16:57:27.969] API_CALL_STARTED => Calling Private API
[2026-02-02 16:57:27.969] API_RESPONSE_RECEIVED => {"status":"Good","message":"Private API is running"}
[2026-02-02 16:57:27.969] MESSAGE_READY_FOR_KAFKA => Payload prepared successfully
[2026-02-02 16:57:28.001] ERROR_OCCURRED => Private API is DOWN or unreachable
[2026-02-02 16:57:32.983] API_CALL_STARTED => Calling Private API
[2026-02-02 16:57:32.983] API_RESPONSE_RECEIVED => {"status":"Good","message":"Private API is running"}
[2026-02-02 16:57:32.983] MESSAGE_READY_FOR_KAFKA => Payload prepared successfully
[2026-02-02 16:57:33.011] ERROR_OCCURRED => Private API is DOWN or unreachable
[2026-02-02 16:57:37.990] API_CALL_STARTED => Calling Private API
[2026-02-02 16:57:37.990] API_RESPONSE_RECEIVED => {"status":"Good","message":"Private API is running"}
[2026-02-02 16:57:37.990] MESSAGE_READY_FOR_KAFKA => Payload prepared successfully
[2026-02-02 16:57:38.019] ERROR_OCCURRED => Private API is DOWN or unreachable
[2026-02-02 16:57:43.003] API_CALL_STARTED => Calling Private API
[2026-02-02 16:57:43.003] API_RESPONSE_RECEIVED => {"status":"Good","message":"Private API is running"}
[2026-02-02 16:57:43.003] MESSAGE_READY_FOR_KAFKA => Payload prepared successfully
[2026-02-02 16:57:43.038] ERROR_OCCURRED => Private API is DOWN or unreachable
[2026-02-02 16:57:48.010] API_CALL_STARTED => Calling Private API
[2026-02-02 16:57:48.010] API_RESPONSE_RECEIVED => {"status":"Good","message":"Private API is running"}
[2026-02-02 16:57:48.010] MESSAGE_READY_FOR_KAFKA => Payload prepared successfully
[2026-02-02 16:57:48.037] ERROR_OCCURRED => Private API is DOWN or unreachable
[2026-02-02 16:57:53.024] API_CALL_STARTED => Calling Private API
[2026-02-02 16:57:53.024] API_RESPONSE_RECEIVED => {"status":"Good","message":"Private API is running"}
[2026-02-02 16:57:53.024] MESSAGE_READY_FOR_KAFKA => Payload prepared successfully
[2026-02-02 16:57:53.057] ERROR_OCCURRED => Private API is DOWN or unreachable
[2026-02-02 16:57:58.029] API_CALL_STARTED => Calling Private API
[2026-02-02 16:57:58.029] API_RESPONSE_RECEIVED => {"status":"Good","message":"Private API is running"}
[2026-02-02 16:57:58.029] MESSAGE_READY_FOR_KAFKA => Payload prepared successfully
[2026-02-02 16:57:58.058] ERROR_OCCURRED => Private API is DOWN or unreachable
[2026-02-02 16:58:03.037] API_CALL_STARTED => Calling Private API
[2026-02-02 16:58:03.037] API_RESPONSE_RECEIVED => {"status":"Good","message":"Private API is running"}
[2026-02-02 16:58:03.037] MESSAGE_READY_FOR_KAFKA => Payload prepared successfully
[2026-02-02 16:58:03.067] ERROR_OCCURRED => Private API is DOWN or unreachable
[2026-02-02 16:58:08.040] API_CALL_STARTED => Calling Private API
[2026-02-02 16:58:08.040] API_RESPONSE_RECEIVED => {"status":"Good","message":"Private API is running"}
[2026-02-02 16:58:08.040] MESSAGE_READY_FOR_KAFKA => Payload prepared successfully
[2026-02-02 16:58:08.070] ERROR_OCCURRED => Private API is DOWN or unreachable
[2026-02-02 16:58:13.043] API_CALL_STARTED => Calling Private API
[2026-02-02 16:58:13.043] API_RESPONSE_RECEIVED => {"status":"Good","message":"Private API is running"}
[2026-02-02 16:58:13.043] MESSAGE_READY_FOR_KAFKA => Payload prepared successfully
[2026-02-02 16:58:13.073] ERROR_OCCURRED => Private API is DOWN or unreachable
[2026-02-02 16:58:18.047] API_CALL_STARTED => Calling Private API
[2026-02-02 16:58:18.047] API_RESPONSE_RECEIVED => {"status":"Good","message":"Private API is running"}
[2026-02-02 16:58:18.047] MESSAGE_READY_FOR_KAFKA => Payload prepared successfully
[2026-02-02 16:58:18.077] ERROR_OCCURRED => Private API is DOWN or unreachable
[2026-02-02 16:58:23.060] API_CALL_STARTED => Calling Private API
[2026-02-02 16:58:23.060] API_RESPONSE_RECEIVED => {"status":"Good","message":"Private API is running"}
[2026-02-02 16:58:23.060] MESSAGE_READY_FOR_KAFKA => Payload prepared successfully
[2026-02-02 16:58:23.094] ERROR_OCCURRED => Private API is DOWN or unreachable
[2026-02-02 16:58:28.069] API_CALL_STARTED => Calling Private API
[2026-02-02 16:58:28.069] API_RESPONSE_RECEIVED => {"status":"Good","message":"Private API is running"}
[2026-02-02 16:58:28.069] MESSAGE_READY_FOR_KAFKA => Payload prepared successfully
[2026-02-02 16:58:28.097] ERROR_OCCURRED => Private API is DOWN or unreachable
[2026-02-02 16:58:33.086] API_CALL_STARTED => Calling Private API
[2026-02-02 16:58:33.086] API_RESPONSE_RECEIVED => {"status":"Good","message":"Private API is running"}
[2026-02-02 16:58:33.086] MESSAGE_READY_FOR_KAFKA => Payload prepared successfully
[2026-02-02 16:58:33.127] ERROR_OCCURRED => Private API is DOWN or unreachable
[2026-02-02 16:58:38.097] API_CALL_STARTED => Calling Private API
[2026-02-02 16:58:38.097] API_RESPONSE_RECEIVED => {"status":"Good","message":"Private API is running"}
[2026-02-02 16:58:38.097] MESSAGE_READY_FOR_KAFKA => Payload prepared successfully
[2026-02-02 16:58:38.131] ERROR_OCCURRED => Private API is DOWN or unreachable
[2026-02-02 16:58:43.105] API_CALL_STARTED => Calling Private API
[2026-02-02 16:58:43.105] API_RESPONSE_RECEIVED => {"status":"Good","message":"Private API is running"}
[2026-02-02 16:58:43.105] MESSAGE_READY_FOR_KAFKA => Payload prepared successfully
[2026-02-02 16:58:43.135] ERROR_OCCURRED => Private API is DOWN or unreachable
[2026-02-02 16:58:48.106] API_CALL_STARTED => Calling Private API
[2026-02-02 16:58:48.106] API_RESPONSE_RECEIVED => {"status":"Good","message":"Private API is running"}
[2026-02-02 16:58:48.106] MESSAGE_READY_FOR_KAFKA => Payload prepared successfully
[2026-02-02 16:58:48.136] ERROR_OCCURRED => Private API is DOWN or unreachable
[2026-02-02 16:58:53.109] API_CALL_STARTED => Calling Private API
[2026-02-02 16:58:53.109] API_RESPONSE_RECEIVED => {"status":"Good","message":"Private API is running"}
[2026-02-02 16:58:53.109] MESSAGE_READY_FOR_KAFKA => Payload prepared successfully
[2026-02-02 16:58:53.138] ERROR_OCCURRED => Private API is DOWN or unreachable
[2026-02-02 16:58:58.118] API_CALL_STARTED => Calling Private API
[2026-02-02 16:58:58.118] API_RESPONSE_RECEIVED => {"status":"Good","message":"Private API is running"}
[2026-02-02 16:58:58.118] MESSAGE_READY_FOR_KAFKA => Payload prepared successfully
[2026-02-02 16:58:58.146] ERROR_OCCURRED => Private API is DOWN or unreachable
[2026-02-02 16:59:03.120] API_CALL_STARTED => Calling Private API
[2026-02-02 16:59:03.120] API_RESPONSE_RECEIVED => {"status":"Good","message":"Private API is running"}
[2026-02-02 16:59:03.120] MESSAGE_READY_FOR_KAFKA => Payload prepared successfully
[2026-02-02 16:59:03.153] ERROR_OCCURRED => Private API is DOWN or unreachable
[2026-02-02 16:59:08.122] API_CALL_STARTED => Calling Private API
[2026-02-02 16:59:08.122] API_RESPONSE_RECEIVED => {"status":"Good","message":"Private API is running"}
[2026-02-02 16:59:08.122] MESSAGE_READY_FOR_KAFKA => Payload prepared successfully
[2026-02-02 16:59:08.152] ERROR_OCCURRED => Private API is DOWN or unreachable
[2026-02-02 16:59:13.129] API_CALL_STARTED => Calling Private API
[2026-02-02 16:59:13.129] API_RESPONSE_RECEIVED => {"status":"Good","message":"Private API is running"}
[2026-02-02 16:59:13.129] MESSAGE_READY_FOR_KAFKA => Payload prepared successfully
[2026-02-02 16:59:13.161] ERROR_OCCURRED => Private API is DOWN or unreachable
[2026-02-02 16:59:18.139] API_CALL_STARTED => Calling Private API
[2026-02-02 16:59:18.139] API_RESPONSE_RECEIVED => {"status":"Good","message":"Private API is running"}
[2026-02-02 16:59:18.139] MESSAGE_READY_FOR_KAFKA => Payload prepared successfully
[2026-02-02 16:59:18.169] ERROR_OCCURRED => Private API is DOWN or unreachable
[2026-02-02 16:59:23.140] API_CALL_STARTED => Calling Private API
[2026-02-02 16:59:23.140] API_RESPONSE_RECEIVED => {"status":"Good","message":"Private API is running"}
[2026-02-02 16:59:23.140] MESSAGE_READY_FOR_KAFKA => Payload prepared successfully
[2026-02-02 16:59:23.172] ERROR_OCCURRED => Private API is DOWN or unreachable
[2026-02-02 16:59:28.148] API_CALL_STARTED => Calling Private API
[2026-02-02 16:59:28.148] API_RESPONSE_RECEIVED => {"status":"Good","message":"Private API is running"}
[2026-02-02 16:59:28.148] MESSAGE_READY_FOR_KAFKA => Payload prepared successfully
[2026-02-02 16:59:28.176] ERROR_OCCURRED => Private API is DOWN or unreachable
[2026-02-02 16:59:33.150] API_CALL_STARTED => Calling Private API
[2026-02-02 16:59:33.150] API_RESPONSE_RECEIVED => {"status":"Good","message":"Private API is running"}
[2026-02-02 16:59:33.150] MESSAGE_READY_FOR_KAFKA => Payload prepared successfully
[2026-02-02 16:59:33.181] ERROR_OCCURRED => Private API is DOWN or unreachable
[2026-02-02 16:59:38.156] API_CALL_STARTED => Calling Private API
[2026-02-02 16:59:38.156] API_RESPONSE_RECEIVED => {"status":"Good","message":"Private API is running"}
[2026-02-02 16:59:38.156] MESSAGE_READY_FOR_KAFKA => Payload prepared successfully
[2026-02-02 16:59:38.190] ERROR_OCCURRED => Private API is DOWN or unreachable
[2026-02-02 16:59:43.167] API_CALL_STARTED => Calling Private API
[2026-02-02 16:59:43.167] API_RESPONSE_RECEIVED => {"status":"Good","message":"Private API is running"}
[2026-02-02 16:59:43.167] MESSAGE_READY_FOR_KAFKA => Payload prepared successfully
[2026-02-02 16:59:43.195] ERROR_OCCURRED => Private API is DOWN or unreachable
[2026-02-02 16:59:48.169] API_CALL_STARTED => Calling Private API
[2026-02-02 16:59:48.169] API_RESPONSE_RECEIVED => {"status":"Good","message":"Private API is running"}
[2026-02-02 16:59:48.169] MESSAGE_READY_FOR_KAFKA => Payload prepared successfully
[2026-02-02 16:59:48.207] ERROR_OCCURRED => Private API is DOWN or unreachable
[2026-02-02 16:59:53.177] API_CALL_STARTED => Calling Private API
[2026-02-02 16:59:53.177] API_RESPONSE_RECEIVED => {"status":"Good","message":"Private API is running"}
[2026-02-02 16:59:53.177] MESSAGE_READY_FOR_KAFKA => Payload prepared successfully
[2026-02-02 16:59:53.209] ERROR_OCCURRED => Private API is DOWN or unreachable
[2026-02-02 16:59:58.180] API_CALL_STARTED => Calling Private API
[2026-02-02 16:59:58.180] API_RESPONSE_RECEIVED => {"status":"Good","message":"Private API is running"}
[2026-02-02 16:59:58.180] MESSAGE_READY_FOR_KAFKA => Payload prepared successfully
[2026-02-02 16:59:58.212] ERROR_OCCURRED => Private API is DOWN or unreachable
[2026-02-02 17:00:03.191] API_CALL_STARTED => Calling Private API
[2026-02-02 17:00:03.191] API_RESPONSE_RECEIVED => {"status":"Good","message":"Private API is running"}
[2026-02-02 17:00:03.191] MESSAGE_READY_FOR_KAFKA => Payload prepared successfully
[2026-02-02 17:00:03.219] ERROR_OCCURRED => Private API is DOWN or unreachable
[2026-02-02 17:00:08.199] API_CALL_STARTED => Calling Private API
[2026-02-02 17:00:08.199] API_RESPONSE_RECEIVED => {"status":"Good","message":"Private API is running"}
[2026-02-02 17:00:08.199] MESSAGE_READY_FOR_KAFKA => Payload prepared successfully
[2026-02-02 17:00:08.227] ERROR_OCCURRED => Private API is DOWN or unreachable
[2026-02-02 17:00:13.212] API_CALL_STARTED => Calling Private API
[2026-02-02 17:00:13.212] API_RESPONSE_RECEIVED => {"status":"Good","message":"Private API is running"}
[2026-02-02 17:00:13.212] MESSAGE_READY_FOR_KAFKA => Payload prepared successfully
[2026-02-02 17:00:13.244] ERROR_OCCURRED => Private API is DOWN or unreachable
[2026-02-02 17:00:18.224] API_CALL_STARTED => Calling Private API
[2026-02-02 17:00:18.224] API_RESPONSE_RECEIVED => {"status":"Good","message":"Private API is running"}
[2026-02-02 17:00:18.224] MESSAGE_READY_FOR_KAFKA => Payload prepared successfully
[2026-02-02 17:00:18.278] ERROR_OCCURRED => Private API is DOWN or unreachable
[2026-02-02 17:00:23.226] API_CALL_STARTED => Calling Private API
[2026-02-02 17:00:23.226] API_RESPONSE_RECEIVED => {"status":"Good","message":"Private API is running"}
[2026-02-02 17:00:23.226] MESSAGE_READY_FOR_KAFKA => Payload prepared successfully
[2026-02-02 17:00:23.255] ERROR_OCCURRED => Private API is DOWN or unreachable
[2026-02-02 17:00:28.236] API_CALL_STARTED => Calling Private API
[2026-02-02 17:00:28.236] API_RESPONSE_RECEIVED => {"status":"Good","message":"Private API is running"}
[2026-02-02 17:00:28.236] MESSAGE_READY_FOR_KAFKA => Payload prepared successfully
[2026-02-02 17:00:28.267] ERROR_OCCURRED => Private API is DOWN or unreachable
[2026-02-02 17:00:33.240] API_CALL_STARTED => Calling Private API
[2026-02-02 17:00:33.240] API_RESPONSE_RECEIVED => {"status":"Good","message":"Private API is running"}
[2026-02-02 17:00:33.240] MESSAGE_READY_FOR_KAFKA => Payload prepared successfully
[2026-02-02 17:00:33.268] ERROR_OCCURRED => Private API is DOWN or unreachable
[2026-02-02 17:06:58.626] API_CALL_STARTED => Calling Private API
[2026-02-02 17:06:58.626] API_RESPONSE_RECEIVED => {"status":"Good","message":"Private API is running"}
[2026-02-02 17:06:58.626] MESSAGE_READY_FOR_KAFKA => Payload prepared successfully
[2026-02-02 17:06:59.850] ERROR_OCCURRED => Private API is DOWN or unreachable
[2026-02-02 17:07:03.611] API_CALL_STARTED => Calling Private API
[2026-02-02 17:07:03.611] API_RESPONSE_RECEIVED => {"status":"Good","message":"Private API is running"}
[2026-02-02 17:07:03.611] MESSAGE_READY_FOR_KAFKA => Payload prepared successfully
[2026-02-02 17:07:03.661] ERROR_OCCURRED => Private API is DOWN or unreachable
[2026-02-02 17:07:08.616] API_CALL_STARTED => Calling Private API
[2026-02-02 17:07:08.616] API_RESPONSE_RECEIVED => {"status":"Good","message":"Private API is running"}
[2026-02-02 17:07:08.616] MESSAGE_READY_FOR_KAFKA => Payload prepared successfully
[2026-02-02 17:10:00.068] ERROR_OCCURRED => Private API is DOWN or unreachable
[2026-02-02 17:10:00.085] API_CALL_STARTED => Calling Private API
[2026-02-02 17:10:00.085] API_RESPONSE_RECEIVED => {"status":"Good","message":"Private API is running"}
[2026-02-02 17:10:00.085] MESSAGE_READY_FOR_KAFKA => Payload prepared successfully
[2026-02-02 17:10:00.459] ERROR_OCCURRED => Private API is DOWN or unreachable
[2026-02-02 17:10:36.441] API_CALL_STARTED => Calling Private API
[2026-02-02 17:10:36.441] API_RESPONSE_RECEIVED => {"status":"Good","message":"Private API is running"}
[2026-02-02 17:10:36.441] MESSAGE_READY_FOR_KAFKA => Payload prepared successfully
[2026-02-02 17:10:38.117] ERROR_OCCURRED => Private API is DOWN or unreachable
[2026-02-02 17:10:41.422] API_CALL_STARTED => Calling Private API
[2026-02-02 17:10:41.422] API_RESPONSE_RECEIVED => {"status":"Good","message":"Private API is running"}
[2026-02-02 17:10:41.422] MESSAGE_READY_FOR_KAFKA => Payload prepared successfully
[2026-02-02 17:10:41.471] ERROR_OCCURRED => Private API is DOWN or unreachable
[2026-02-02 17:10:46.428] API_CALL_STARTED => Calling Private API
[2026-02-02 17:10:46.428] API_RESPONSE_RECEIVED => {"status":"Good","message":"Private API is running"}
[2026-02-02 17:10:46.428] MESSAGE_READY_FOR_KAFKA => Payload prepared successfully
[2026-02-02 17:11:10.814] ERROR_OCCURRED => Private API is DOWN or unreachable
[2026-02-02 17:11:10.832] API_CALL_STARTED => Calling Private API
[2026-02-02 17:11:10.832] API_RESPONSE_RECEIVED => {"status":"Good","message":"Private API is running"}
[2026-02-02 17:11:10.832] MESSAGE_READY_FOR_KAFKA => Payload prepared successfully
[2026-02-02 17:11:10.880] ERROR_OCCURRED => Private API is DOWN or unreachable
[2026-02-02 17:11:41.171] API_CALL_STARTED => Calling Private API
[2026-02-02 17:11:41.171] API_RESPONSE_RECEIVED => {"status":"Good","message":"Private API is running"}
[2026-02-02 17:11:41.171] MESSAGE_READY_FOR_KAFKA => Payload prepared successfully
[2026-02-02 17:11:41.171] MESSAGE_SENT_TO_KAFKA => {"status":"Good","message":"Private API is running"}
[2026-02-02 17:11:46.154] API_CALL_STARTED => Calling Private API
[2026-02-02 17:11:46.154] API_RESPONSE_RECEIVED => {"status":"Good","message":"Private API is running"}
[2026-02-02 17:11:46.154] MESSAGE_READY_FOR_KAFKA => Payload prepared successfully
[2026-02-02 17:11:46.154] MESSAGE_SENT_TO_KAFKA => {"status":"Good","message":"Private API is running"}
[2026-02-02 17:11:51.165] API_CALL_STARTED => Calling Private API
[2026-02-02 17:11:51.165] API_RESPONSE_RECEIVED => {"status":"Good","message":"Private API is running"}
[2026-02-02 17:11:51.165] MESSAGE_READY_FOR_KAFKA => Payload prepared successfully
[2026-02-02 17:11:51.165] MESSAGE_SENT_TO_KAFKA => {"status":"Good","message":"Private API is running"}
[2026-02-02 17:11:56.169] API_CALL_STARTED => Calling Private API
[2026-02-02 17:11:56.169] API_RESPONSE_RECEIVED => {"status":"Good","message":"Private API is running"}
[2026-02-02 17:11:56.169] MESSAGE_READY_FOR_KAFKA => Payload prepared successfully
[2026-02-02 17:11:56.169] MESSAGE_SENT_TO_KAFKA => {"status":"Good","message":"Private API is running"}
[2026-02-02 17:12:01.173] API_CALL_STARTED => Calling Private API
[2026-02-02 17:12:01.173] API_RESPONSE_RECEIVED => {"status":"Good","message":"Private API is running"}
[2026-02-02 17:12:01.173] MESSAGE_READY_FOR_KAFKA => Payload prepared successfully
[2026-02-02 17:12:01.173] MESSAGE_SENT_TO_KAFKA => {"status":"Good","message":"Private API is running"}
[2026-02-02 17:12:06.180] API_CALL_STARTED => Calling Private API
[2026-02-02 17:12:06.180] API_RESPONSE_RECEIVED => {"status":"Good","message":"Private API is running"}
[2026-02-02 17:12:06.180] MESSAGE_READY_FOR_KAFKA => Payload prepared successfully
[2026-02-02 17:12:06.180] MESSAGE_SENT_TO_KAFKA => {"status":"Good","message":"Private API is running"}
[2026-02-02 17:12:11.191] API_CALL_STARTED => Calling Private API
[2026-02-02 17:12:11.191] API_RESPONSE_RECEIVED => {"status":"Good","message":"Private API is running"}
[2026-02-02 17:12:11.191] MESSAGE_READY_FOR_KAFKA => Payload prepared successfully
[2026-02-02 17:12:11.191] MESSAGE_SENT_TO_KAFKA => {"status":"Good","message":"Private API is running"}
[2026-02-02 17:12:16.202] API_CALL_STARTED => Calling Private API
[2026-02-02 17:12:16.202] API_RESPONSE_RECEIVED => {"status":"Good","message":"Private API is running"}
[2026-02-02 17:12:16.202] MESSAGE_READY_FOR_KAFKA => Payload prepared successfully
[2026-02-02 17:12:16.202] MESSAGE_SENT_TO_KAFKA => {"status":"Good","message":"Private API is running"}
[2026-02-02 17:12:21.202] API_CALL_STARTED => Calling Private API
[2026-02-02 17:12:21.202] API_RESPONSE_RECEIVED => {"status":"Good","message":"Private API is running"}
[2026-02-02 17:12:21.202] MESSAGE_READY_FOR_KAFKA => Payload prepared successfully
[2026-02-02 17:12:21.202] MESSAGE_SENT_TO_KAFKA => {"status":"Good","message":"Private API is running"}
